2026-05-15 09:28:37 pid:4789 Workerman[console] start in DEBUG mode
2026-05-15 09:47:29 pid:4789 Workerman[console] received signal SIGINT
2026-05-15 09:47:29 pid:4789 Workerman[console] stopping
2026-05-15 09:47:29 pid:4789 Workerman[console] has been stopped
2026-05-15 09:47:39 pid:5639 Workerman[console] start in DEBUG mode
2026-05-15 12:03:38 pid:5639 Workerman[console] received signal SIGINT
2026-05-15 12:03:38 pid:5639 Workerman[console] stopping
2026-05-15 12:03:38 pid:5639 Workerman[console] has been stopped
2026-05-18 11:02:39 pid:23060 Workerman[console] start in DEBUG mode
2026-05-18 11:27:57 pid:23060 Workerman[console] received signal SIGINT
2026-05-18 11:27:57 pid:23060 Workerman[console] stopping
2026-05-18 11:27:57 pid:23060 Workerman[console] has been stopped
2026-05-19 08:16:19 pid:7 Workerman[console] start in DEBUG mode
2026-05-19 09:30:28 pid:7 Workerman[console] start in DEBUG mode
2026-05-19 09:30:28 pid:7 Master pid:7 is not alive
2026-05-20 09:22:21 pid:7 Workerman[console] start in DEBUG mode
2026-05-20 09:22:21 pid:7 Master pid:7 is not alive
2026-05-20 13:12:41 pid:7 Workerman[console] start in DEBUG mode
2026-05-20 13:12:41 pid:7 Master pid:7 is not alive
2026-05-20 13:14:18 pid:7 Workerman[console] start in DEBUG mode
2026-05-20 13:14:18 pid:7 Master pid:7 is not alive
